// Jest Snapshot v1, https://goo.gl/fbAQLP

exports[`Layout test cases Render check 1`] = `
<DocumentFragment>
  <div
    class="css-1qtm68j"
  >
    <a
      class="css-dj4799"
      href="/"
    >
      <header
        class="css-1l7s6s"
        size="3"
      >
        <span
          class="logo_short"
        >
          C8X
        </span>
        <span
          class="logo_full"
        >
          CoursesBox
        </span>
      </header>
    </a>
    <nav
      class="css-mpfgc5"
    >
      <a
        class="css-1v1fc5j"
        href="/all"
      >
        All
      </a>
      <a
        class="css-1v1fc5j"
        href="/news"
      >
        News
      </a>
      <button
        class="css-1aqtdpz"
        size="2"
        title="Sun"
      >
        <svg
          aria-label="Sun"
          class="css-z3g3v6"
          fill="currentColor"
          height="1rem"
          role="img"
          viewBox="0 0 16 16"
          width="1rem"
        >
          <path
            d="M8 11a3 3 0 110-6 3 3 0 010 6zm0 1a4 4 0 100-8 4 4 0 000 8zM8 0a.5.5 0 01.5.5v2a.5.5 0 01-1 0v-2A.5.5 0 018 0zm0 13a.5.5 0 01.5.5v2a.5.5 0 01-1 0v-2A.5.5 0 018 13zm8-5a.5.5 0 01-.5.5h-2a.5.5 0 010-1h2a.5.5 0 01.5.5zM3 8a.5.5 0 01-.5.5h-2a.5.5 0 010-1h2A.5.5 0 013 8zm10.657-5.657a.5.5 0 010 .707l-1.414 1.415a.5.5 0 11-.707-.708l1.414-1.414a.5.5 0 01.707 0zm-9.193 9.193a.5.5 0 010 .707L3.05 13.657a.5.5 0 01-.707-.707l1.414-1.414a.5.5 0 01.707 0zm9.193 2.121a.5.5 0 01-.707 0l-1.414-1.414a.5.5 0 01.707-.707l1.414 1.414a.5.5 0 010 .707zM4.464 4.465a.5.5 0 01-.707 0L2.343 3.05a.5.5 0 11.707-.707l1.414 1.414a.5.5 0 010 .708z"
          />
        </svg>
      </button>
    </nav>
    <label
      class="css-1fh6xqn"
      height="7"
      width="20"
    >
      <div
        class="css-6nw0cx"
      >
        <input
          class="css-1cvyunr"
          placeholder="Search"
        />
        <svg
          aria-label="Search"
          class="css-5n1pld"
          fill="currentColor"
          height="2rem"
          role="img"
          viewBox="0 0 16 16"
          width="2rem"
        >
          <path
            d="M11.742 10.344a6.5 6.5 0 10-1.397 1.398h-.001c.03.04.062.078.098.115l3.85 3.85a1 1 0 001.415-1.414l-3.85-3.85a1.007 1.007 0 00-.115-.1zM12 6.5a5.5 5.5 0 11-11 0 5.5 5.5 0 0111 0z"
          />
        </svg>
      </div>
    </label>
    <main
      class="css-1qc1fvq"
    >
      <h1>
        Main article area
      </h1>
      <p>
        In this layout, we display the areas in source order for any screen less than 500 pixels wide. We go to a two column layout, and then to a three column layout by redefining the grid,and the placement of items on the grid.
      </p>
    </main>
    <footer
      class="css-1y0dtms"
    >
      Â© 2022 Esteban V.M. All rights reserved
    </footer>
  </div>
</DocumentFragment>
`;
