// Jest Snapshot v1, https://goo.gl/fbAQLP

exports[`Checkbox test cases Render check 1`] = `
<DocumentFragment>
  <label
    class="css-1wwxbmj"
  >
    <input
      id="prefix-fffffffbb47d08"
      type="checkbox"
    />
    <label
      class="css-1kzb2zn"
      data-testid="switchVisiblePart"
      for="prefix-fffffffbb47d08"
    />
  </label>
</DocumentFragment>
`;
