// Jest Snapshot v1, https://goo.gl/fbAQLP

exports[`Button test cases Render check 1`] = `
<DocumentFragment>
  <button
    class="css-sx6prm"
  >
    Click here
  </button>
</DocumentFragment>
`;
