// Jest Snapshot v1, https://goo.gl/fbAQLP

exports[`Link test cases Render check 1`] = `
<DocumentFragment>
  <a
    class="css-1nz5qw1"
    href="/hands-on-reactjs"
  >
    Hands-On React. Build advanced React JS Frontend with expert
  </a>
</DocumentFragment>
`;
