// Jest Snapshot v1, https://goo.gl/fbAQLP

exports[`Centered Tile test cases: should check render 1`] = `
<DocumentFragment>
  <div
    class="css-gbwc6v"
  >
    <section
      class="css-1c469nw"
    >
      <h2>
        Lorem ipsum dolor sit amet
      </h2>
      Lorem ipsum dolor sit amet, consectetur adipiscing elit.
    </section>
  </div>
</DocumentFragment>
`;
