// Jest Snapshot v1, https://goo.gl/fbAQLP

exports[`Button test cases: should check render 1`] = `
<DocumentFragment>
  <button
    class="css-tp74ot"
  >
    Click here
  </button>
</DocumentFragment>
`;
